// Jest Snapshot v1, https://goo.gl/fbAQLP

exports[`Private route renders without errors 1`] = `null`;
