// Jest Snapshot v1, https://goo.gl/fbAQLP

exports[`MovieInfo matches snapshot 1`] = `[Function]`;
