// Jest Snapshot v1, https://goo.gl/fbAQLP

exports[`Genres list matches snapshot 1`] = `[Function]`;
